// Jest Snapshot v1, https://goo.gl/fbAQLP

exports[`should render the expense list item correctly 1`] = `
<Link
  className="list-item"
  replace={false}
  to="/edit/2"
>
  <div>
    <h3
      className="list-item__title"
    >
      Bill
    </h3>
    <span
      className="list-item__subtitle"
    >
      Dec 12th, 1969
    </span>
  </div>
  <h3
    className="list-item__data"
  >
    $1,095.00
  </h3>
</Link>
`;
